// Jest Snapshot v1, https://goo.gl/fbAQLP

exports[`Should render correctly 1`] = `
<h1
  className="ui orange header display-value"
>
  some value
</h1>
`;
