// Jest Snapshot v1, https://goo.gl/fbAQLP

exports[`Should renders correctly 1`] = `
<h1>
  Mathematics is not about numbers, equations, computations, or algorithms: it is about understanding.
  <span>
    â€“William Paul Thurston
  </span>
</h1>
`;
